<h4>System check</h4>
<ul class="pdeditor_system_check">
    <p class="xh_success">one</p>
</ul>