<h1>Pdeditor 1.1-dev</h1>
<h2>System check</h2>
<p class="xh_fail">PHP version ≥ 7.1.0: not okay</p>
<p class="xh_fail">Extension &quot;pcre&quot; loaded: not okay</p>
<p class="xh_fail">Extension &quot;spl&quot; loaded: not okay</p>
<p class="xh_fail">CMSimple_XH version ≥ 1.7.0: not okay</p>
<p class="xh_warning">Folder &quot;./plugins/pdeditor/css/&quot; writable: not okay</p>
<p class="xh_warning">Folder &quot;./plugins/pdeditor/languages/&quot; writable: not okay</p>
