
<section class="pdeditor_delete_confirmation">
  <h1>Delete 'unused' attribute</h1>
  <p class="xh_warning">Deleting the 'unused' attribute may cause malfunctions of the system!</p>
  <form id="pdeditor_delete" action="/?pdeditor&amp;admin=plugin_main&amp;action=delete&amp;pdeditor_attr=unused&amp;edit" method="post">
    <input type="hidden" name="pdeditor_token" value="123456789ABCDEF">
    <p class="pdeditor_buttons">
      <button name="pdeditor_do">Delete</button>
      <button name="pdeditor_do" formaction="/?pdeditor&amp;admin=plugin_main&amp;action=plugin_text&amp;pdeditor_attr=unused">Cancel</button>
    </p>
  </form>
</section>
