
<h1>Pdeditor â€“ Pagedata</h1>
<form id="pdeditor_attributes" action="/?pdeditor&amp;admin=plugin_main&amp;action=update&amp;pdeditor_attr=url&amp;edit" method="post">
  <p class="xh_warning">Modifying the 'url' attribute may cause malfunctions of the system!</p>
  <input type="hidden" name="pdeditor_token" value="123456789ABCDEF">
<ul>
  <li>
  Welcome<input type="text" name="value[]" value="">
</li>
<li>
  Contact<input type="text" name="value[]" value="">
</li>

</ul>
  <button name="pdeditor_do">Save</button>
  <button name="pdeditor_do" formaction="/?pdeditor&amp;admin=plugin_main&amp;action=plugin_text&amp;pdeditor_attr=url">Cancel</button>
</form>
